[96m[40m[1m## Commands[39m[40m[22m                                                                    [39m[49m▲
[39m[40m                                                                               [39m[49m[4m█
[39m[40m[24m┌──────────┬──────────────────────────────────────────────────────────────────┐[39m[49m[4m█
[39m[40m[24m│ [96m[40m[1mCommand[39m[40m[22m  │ [96m[40m[1mDescription[39m[40m[22m                                                      │[39m[49m[4m█
[39m[40m[24m├──────────┼──────────────────────────────────────────────────────────────────┤[39m[49m[4m█
[39m[40m[24m│ [37m[40mhelp[39m[40m     │ Show command help.                                               │[39m[49m[4m█
[39m[40m[24m│ [37m[40mgreet[39m[40m    │ Greet someone.                                                   │[39m[49m[4m█
[39m[40m[24m│ [37m[40mfarewell[39m[40m │ Say goodbye.                                                     │[39m[49m[4m█
[39m[40m[24m└──────────┴──────────────────────────────────────────────────────────────────┘[39m[49m[4m█
[39m[40m[24m                                                                               [39m[49m[4m█
[96m[40m[24;1m## Framework Options[39m[40m[22m                                                           [39m[49m[4m█
[39m[40m[24m                                                                               [39m[49m[4m█
[39m[40m[24m┌───────────────────────────┬─────────────────────────────────────────────────┐[39m[49m[4m█
[39m[40m[24m│ [96m[40m[1mOption[39m[40m[22m                    │ [96m[40m[1mDescription[39m[40m[22m                                     │[39m[49m[4m█
[39m[40m[24m├───────────────────────────┼─────────────────────────────────────────────────┤[39m[49m░
[39m[40m│ [37m[40m--help[39m[40m, [37m[40m-h[39m[40m                │ Show help                                       │[39m[49m░
[39m[40m│ [37m[40m--version[39m[40m                 │ Show version                                    │[39m[49m░
[39m[40m│ [37m[40m--opencli[39m[40m                 │ Emit OpenCLI metadata JSON                      │[39m[49m░
[39m[40m│ [37m[40m--json[39m[40m                    │ Emit JSON envelope output                       │[39m[49m▼
[90m[106m[1m ◄ [90m[106m│[90m[106m ► [90m[106m│ [90m[106m[4mEsc[90m[106m[24m  Quit │                                                       Help 
